[2025-02-05T10:25:19.616+0100][gc,init] CardTable entry size: 512
[2025-02-05T10:25:19.616+0100][gc     ] Using G1
[2025-02-05T10:25:19.617+0100][gc,init] Version: 21.0.6+8-LTS-188 (release)
[2025-02-05T10:25:19.617+0100][gc,init] CPUs: 8 total, 8 available
[2025-02-05T10:25:19.617+0100][gc,init] Memory: 8192M
[2025-02-05T10:25:19.618+0100][gc,init] Large Page Support: Disabled
[2025-02-05T10:25:19.618+0100][gc,init] NUMA Support: Disabled
[2025-02-05T10:25:19.618+0100][gc,init] Compressed Oops: Enabled (Zero based)
[2025-02-05T10:25:19.618+0100][gc,init] Heap Region Size: 1M
[2025-02-05T10:25:19.618+0100][gc,init] Heap Min Capacity: 1G
[2025-02-05T10:25:19.618+0100][gc,init] Heap Initial Capacity: 1G
[2025-02-05T10:25:19.618+0100][gc,init] Heap Max Capacity: 1G
[2025-02-05T10:25:19.618+0100][gc,init] Pre-touch: Disabled
[2025-02-05T10:25:19.618+0100][gc,init] Parallel Workers: 8
[2025-02-05T10:25:19.618+0100][gc,init] Concurrent Workers: 2
[2025-02-05T10:25:19.618+0100][gc,init] Concurrent Refinement Workers: 8
[2025-02-05T10:25:19.618+0100][gc,init] Periodic GC: Disabled
[2025-02-05T10:25:19.621+0100][gc,metaspace] CDS archive(s) mapped at: [0x000000c800000000-0x000000c800ca8000-0x000000c800ca8000), size 13271040, SharedBaseAddress: 0x000000c800000000, ArchiveRelocationMode: 1.
[2025-02-05T10:25:19.621+0100][gc,metaspace] Compressed class space mapped at: 0x000000c801000000-0x000000c841000000, reserved size: 1073741824
[2025-02-05T10:25:19.621+0100][gc,metaspace] Narrow klass base: 0x000000c800000000, Narrow klass shift: 0, Narrow klass range: 0x100000000
[2025-02-05T10:25:25.308+0100][gc,start    ] GC(0) Pause Young (Normal) (G1 Evacuation Pause)
[2025-02-05T10:25:25.309+0100][gc,task     ] GC(0) Using 8 workers of 8 for evacuation
[2025-02-05T10:25:25.312+0100][gc,phases   ] GC(0)   Pre Evacuate Collection Set: 0.4ms
[2025-02-05T10:25:25.312+0100][gc,phases   ] GC(0)   Merge Heap Roots: 0.2ms
[2025-02-05T10:25:25.312+0100][gc,phases   ] GC(0)   Evacuate Collection Set: 2.6ms
[2025-02-05T10:25:25.312+0100][gc,phases   ] GC(0)   Post Evacuate Collection Set: 0.3ms
[2025-02-05T10:25:25.312+0100][gc,phases   ] GC(0)   Other: 0.3ms
[2025-02-05T10:25:25.312+0100][gc,heap     ] GC(0) Eden regions: 51->0(44)
[2025-02-05T10:25:25.312+0100][gc,heap     ] GC(0) Survivor regions: 0->7(7)
[2025-02-05T10:25:25.312+0100][gc,heap     ] GC(0) Old regions: 2->4
[2025-02-05T10:25:25.313+0100][gc,heap     ] GC(0) Humongous regions: 0->0
[2025-02-05T10:25:25.313+0100][gc,metaspace] GC(0) Metaspace: 18709K(18944K)->18709K(18944K) NonClass: 16711K(16832K)->16711K(16832K) Class: 1997K(2112K)->1997K(2112K)
[2025-02-05T10:25:25.313+0100][gc          ] GC(0) Pause Young (Normal) (G1 Evacuation Pause) 52M->9M(1024M) 4.460ms
[2025-02-05T10:25:25.313+0100][gc,cpu      ] GC(0) User=0.01s Sys=0.01s Real=0.01s
[2025-02-05T10:25:25.377+0100][gc,start    ] GC(1) Pause Young (Concurrent Start) (Metadata GC Threshold)
[2025-02-05T10:25:25.377+0100][gc,task     ] GC(1) Using 8 workers of 8 for evacuation
[2025-02-05T10:25:25.380+0100][gc,phases   ] GC(1)   Pre Evacuate Collection Set: 0.2ms
[2025-02-05T10:25:25.380+0100][gc,phases   ] GC(1)   Merge Heap Roots: 0.0ms
[2025-02-05T10:25:25.380+0100][gc,phases   ] GC(1)   Evacuate Collection Set: 1.9ms
[2025-02-05T10:25:25.380+0100][gc,phases   ] GC(1)   Post Evacuate Collection Set: 0.3ms
[2025-02-05T10:25:25.380+0100][gc,phases   ] GC(1)   Other: 0.0ms
[2025-02-05T10:25:25.380+0100][gc,heap     ] GC(1) Eden regions: 11->0(49)
[2025-02-05T10:25:25.380+0100][gc,heap     ] GC(1) Survivor regions: 7->2(7)
[2025-02-05T10:25:25.380+0100][gc,heap     ] GC(1) Old regions: 4->11
[2025-02-05T10:25:25.380+0100][gc,heap     ] GC(1) Humongous regions: 0->0
[2025-02-05T10:25:25.380+0100][gc,metaspace] GC(1) Metaspace: 21327K(21504K)->21327K(21504K) NonClass: 19006K(19072K)->19006K(19072K) Class: 2320K(2432K)->2320K(2432K)
[2025-02-05T10:25:25.380+0100][gc          ] GC(1) Pause Young (Concurrent Start) (Metadata GC Threshold) 19M->10M(1024M) 2.553ms
[2025-02-05T10:25:25.380+0100][gc,cpu      ] GC(1) User=0.01s Sys=0.01s Real=0.01s
[2025-02-05T10:25:25.380+0100][gc          ] GC(2) Concurrent Mark Cycle
[2025-02-05T10:25:25.380+0100][gc,marking  ] GC(2) Concurrent Scan Root Regions
[2025-02-05T10:25:25.382+0100][gc,marking  ] GC(2) Concurrent Scan Root Regions 1.560ms
[2025-02-05T10:25:25.382+0100][gc,marking  ] GC(2) Concurrent Mark
[2025-02-05T10:25:25.382+0100][gc,marking  ] GC(2) Concurrent Mark From Roots
[2025-02-05T10:25:25.382+0100][gc,task     ] GC(2) Using 2 workers of 2 for marking
[2025-02-05T10:25:25.382+0100][gc,marking  ] GC(2) Concurrent Mark From Roots 0.865ms
[2025-02-05T10:25:25.382+0100][gc,marking  ] GC(2) Concurrent Preclean
[2025-02-05T10:25:25.382+0100][gc,marking  ] GC(2) Concurrent Preclean 0.006ms
[2025-02-05T10:25:25.383+0100][gc,start    ] GC(2) Pause Remark
[2025-02-05T10:25:25.383+0100][gc          ] GC(2) Pause Remark 11M->11M(1024M) 0.979ms
[2025-02-05T10:25:25.383+0100][gc,cpu      ] GC(2) User=0.00s Sys=0.00s Real=0.00s
[2025-02-05T10:25:25.384+0100][gc,marking  ] GC(2) Concurrent Mark 1.951ms
[2025-02-05T10:25:25.384+0100][gc,marking  ] GC(2) Concurrent Rebuild Remembered Sets and Scrub Regions
[2025-02-05T10:25:25.385+0100][gc,marking  ] GC(2) Concurrent Rebuild Remembered Sets and Scrub Regions 1.253ms
[2025-02-05T10:25:25.385+0100][gc,start    ] GC(2) Pause Cleanup
[2025-02-05T10:25:25.385+0100][gc          ] GC(2) Pause Cleanup 11M->11M(1024M) 0.090ms
[2025-02-05T10:25:25.385+0100][gc,cpu      ] GC(2) User=0.00s Sys=0.00s Real=0.00s
[2025-02-05T10:25:25.385+0100][gc,marking  ] GC(2) Concurrent Clear Claimed Marks
[2025-02-05T10:25:25.385+0100][gc,marking  ] GC(2) Concurrent Clear Claimed Marks 0.011ms
[2025-02-05T10:25:25.385+0100][gc,marking  ] GC(2) Concurrent Cleanup for Next Mark
[2025-02-05T10:25:25.387+0100][gc,marking  ] GC(2) Concurrent Cleanup for Next Mark 1.515ms
[2025-02-05T10:25:25.387+0100][gc          ] GC(2) Concurrent Mark Cycle 6.570ms
[2025-02-05T10:25:25.705+0100][gc,start    ] GC(3) Pause Young (Prepare Mixed) (G1 Evacuation Pause)
[2025-02-05T10:25:25.705+0100][gc,task     ] GC(3) Using 8 workers of 8 for evacuation
[2025-02-05T10:25:25.708+0100][gc,phases   ] GC(3)   Pre Evacuate Collection Set: 0.1ms
[2025-02-05T10:25:25.708+0100][gc,phases   ] GC(3)   Merge Heap Roots: 0.0ms
[2025-02-05T10:25:25.708+0100][gc,phases   ] GC(3)   Evacuate Collection Set: 2.6ms
[2025-02-05T10:25:25.708+0100][gc,phases   ] GC(3)   Post Evacuate Collection Set: 0.2ms
[2025-02-05T10:25:25.708+0100][gc,phases   ] GC(3)   Other: 0.0ms
[2025-02-05T10:25:25.708+0100][gc,heap     ] GC(3) Eden regions: 49->0(45)
[2025-02-05T10:25:25.708+0100][gc,heap     ] GC(3) Survivor regions: 2->6(7)
[2025-02-05T10:25:25.708+0100][gc,heap     ] GC(3) Old regions: 11->11
[2025-02-05T10:25:25.708+0100][gc,heap     ] GC(3) Humongous regions: 9->9
[2025-02-05T10:25:25.708+0100][gc,metaspace] GC(3) Metaspace: 31641K(32000K)->31641K(32000K) NonClass: 28181K(28416K)->28181K(28416K) Class: 3459K(3584K)->3459K(3584K)
[2025-02-05T10:25:25.708+0100][gc          ] GC(3) Pause Young (Prepare Mixed) (G1 Evacuation Pause) 68M->23M(1024M) 3.070ms
[2025-02-05T10:25:25.708+0100][gc,cpu      ] GC(3) User=0.02s Sys=0.00s Real=0.00s
[2025-02-05T10:25:25.840+0100][gc,start    ] GC(4) Pause Young (Mixed) (Metadata GC Threshold)
[2025-02-05T10:25:25.840+0100][gc,task     ] GC(4) Using 8 workers of 8 for evacuation
[2025-02-05T10:25:25.852+0100][gc,phases   ] GC(4)   Pre Evacuate Collection Set: 0.6ms
[2025-02-05T10:25:25.852+0100][gc,phases   ] GC(4)   Merge Heap Roots: 0.1ms
[2025-02-05T10:25:25.852+0100][gc,phases   ] GC(4)   Evacuate Collection Set: 10.0ms
[2025-02-05T10:25:25.852+0100][gc,phases   ] GC(4)   Post Evacuate Collection Set: 1.6ms
[2025-02-05T10:25:25.852+0100][gc,phases   ] GC(4)   Other: 0.1ms
[2025-02-05T10:25:25.852+0100][gc,heap     ] GC(4) Eden regions: 19->0(48)
[2025-02-05T10:25:25.853+0100][gc,heap     ] GC(4) Survivor regions: 6->3(7)
[2025-02-05T10:25:25.853+0100][gc,heap     ] GC(4) Old regions: 11->15
[2025-02-05T10:25:25.853+0100][gc,heap     ] GC(4) Humongous regions: 138->138
[2025-02-05T10:25:25.853+0100][gc,metaspace] GC(4) Metaspace: 35633K(35968K)->35633K(35968K) NonClass: 31764K(31936K)->31764K(31936K) Class: 3868K(4032K)->3868K(4032K)
[2025-02-05T10:25:25.853+0100][gc          ] GC(4) Pause Young (Mixed) (Metadata GC Threshold) 170M->154M(1024M) 12.912ms
[2025-02-05T10:25:25.853+0100][gc,cpu      ] GC(4) User=0.02s Sys=0.00s Real=0.01s
[2025-02-05T10:25:42.783+0100][gc,start    ] GC(5) Pause Young (Concurrent Start) (Metadata GC Threshold)
[2025-02-05T10:25:42.785+0100][gc,task     ] GC(5) Using 8 workers of 8 for evacuation
[2025-02-05T10:25:42.789+0100][gc,phases   ] GC(5)   Pre Evacuate Collection Set: 0.6ms
[2025-02-05T10:25:42.789+0100][gc,phases   ] GC(5)   Merge Heap Roots: 0.1ms
[2025-02-05T10:25:42.789+0100][gc,phases   ] GC(5)   Evacuate Collection Set: 2.5ms
[2025-02-05T10:25:42.789+0100][gc,phases   ] GC(5)   Post Evacuate Collection Set: 0.4ms
[2025-02-05T10:25:42.789+0100][gc,phases   ] GC(5)   Other: 0.1ms
[2025-02-05T10:25:42.789+0100][gc,heap     ] GC(5) Eden regions: 7->0(49)
[2025-02-05T10:25:42.789+0100][gc,heap     ] GC(5) Survivor regions: 3->2(7)
[2025-02-05T10:25:42.789+0100][gc,heap     ] GC(5) Old regions: 15->15
[2025-02-05T10:25:42.789+0100][gc,heap     ] GC(5) Humongous regions: 138->138
[2025-02-05T10:25:42.789+0100][gc,metaspace] GC(5) Metaspace: 35935K(36288K)->35935K(36288K) NonClass: 32042K(32256K)->32042K(32256K) Class: 3892K(4032K)->3892K(4032K)
[2025-02-05T10:25:42.789+0100][gc          ] GC(5) Pause Young (Concurrent Start) (Metadata GC Threshold) 160M->154M(1024M) 6.769ms
[2025-02-05T10:25:42.789+0100][gc          ] GC(6) Concurrent Mark Cycle
[2025-02-05T10:25:42.789+0100][gc,cpu      ] GC(5) User=0.02s Sys=0.01s Real=0.00s
[2025-02-05T10:25:42.789+0100][gc,marking  ] GC(6) Concurrent Scan Root Regions
[2025-02-05T10:25:42.791+0100][gc,marking  ] GC(6) Concurrent Scan Root Regions 1.457ms
[2025-02-05T10:25:42.791+0100][gc,marking  ] GC(6) Concurrent Mark
[2025-02-05T10:25:42.791+0100][gc,marking  ] GC(6) Concurrent Mark From Roots
[2025-02-05T10:25:42.791+0100][gc,task     ] GC(6) Using 2 workers of 2 for marking
[2025-02-05T10:25:42.806+0100][gc,marking  ] GC(6) Concurrent Mark From Roots 15.117ms
[2025-02-05T10:25:42.806+0100][gc,marking  ] GC(6) Concurrent Preclean
[2025-02-05T10:25:42.806+0100][gc,marking  ] GC(6) Concurrent Preclean 0.036ms
[2025-02-05T10:25:42.806+0100][gc,start    ] GC(6) Pause Remark
[2025-02-05T10:25:42.809+0100][gc          ] GC(6) Pause Remark 155M->155M(1024M) 2.481ms
[2025-02-05T10:25:42.809+0100][gc,cpu      ] GC(6) User=0.01s Sys=0.00s Real=0.00s
[2025-02-05T10:25:42.809+0100][gc,marking  ] GC(6) Concurrent Mark 17.839ms
[2025-02-05T10:25:42.809+0100][gc,marking  ] GC(6) Concurrent Rebuild Remembered Sets and Scrub Regions
[2025-02-05T10:25:42.814+0100][gc,marking  ] GC(6) Concurrent Rebuild Remembered Sets and Scrub Regions 5.108ms
[2025-02-05T10:25:42.814+0100][gc,start    ] GC(6) Pause Cleanup
[2025-02-05T10:25:42.814+0100][gc          ] GC(6) Pause Cleanup 155M->155M(1024M) 0.137ms
[2025-02-05T10:25:42.814+0100][gc,cpu      ] GC(6) User=0.00s Sys=0.00s Real=0.00s
[2025-02-05T10:25:42.814+0100][gc,marking  ] GC(6) Concurrent Clear Claimed Marks
[2025-02-05T10:25:42.814+0100][gc,marking  ] GC(6) Concurrent Clear Claimed Marks 0.025ms
[2025-02-05T10:25:42.814+0100][gc,marking  ] GC(6) Concurrent Cleanup for Next Mark
[2025-02-05T10:25:42.821+0100][gc,marking  ] GC(6) Concurrent Cleanup for Next Mark 6.499ms
[2025-02-05T10:25:42.821+0100][gc          ] GC(6) Concurrent Mark Cycle 31.343ms
